// Jest Snapshot v1, https://goo.gl/fbAQLP

exports[`should render ExpenseListItems with a defined expense 1`] = `
<div>
  <h3>
    <Link
      replace={false}
      to="/edit/1"
    >
      Gum
    </Link>
  </h3>
  <p>
    $1.23
    -
    1st January 1970
  </p>
</div>
`;
